=== TESTE DE CONECTIVIDADE SUPABASE ===
URL: http://127.0.0.1:54321

1. Testando acesso à tabela profiles...
❌ Erro: relation "public.profiles" does not exist

2. Testando autenticação...
⚠️ Erro de autenticação (esperado): Invalid login credentials

=== FIM DO TESTE ===